[Licensing::Module] Trying to connect to existing licensing client channel...
Built from '6000.2/staging' branch; Version is '6000.2.15f1 (0707b6d1e918) revision 460726'; Using compiler version '194234433'; Build Type 'Release'
OS: 'Windows 11  (10.0.26200) 64bit Professional' Language: 'en' Physical Memory: 16319 MB
BatchMode: 1, IsHumanControllingUs: 0, StartBugReporterOnCrash: 0, Is64bit: 1
Date: 2026-04-15T12:26:47Z
[Licensing::IpcConnector] Successfully connected to: "LicenseClient-ALeas" at "2026-04-15T12:26:47.3141887Z"

COMMAND LINE ARGUMENTS:
C:\Program Files\Unity\Hub\Editor\6000.2.15f1\Editor\Unity.exe
-adb2
-batchMode
-noUpm
-name
AssetImportWorker1
-projectPath
C:/Users/ALeas/OneDrive/Documents/GitHub/Agile-Capstone
-logFile
Logs/AssetImportWorker1.log
-srvPort
55168
-licensingIpc
LicenseClient-ALeas
-job-worker-count
3
-background-job-worker-count
8
-gc-helper-count
1
-name
AssetImport
Successfully changed project path to: C:/Users/ALeas/OneDrive/Documents/GitHub/Agile-Capstone
C:/Users/ALeas/OneDrive/Documents/GitHub/Agile-Capstone
[UnityMemory] Configuration Parameters - Can be set up in boot.config
    "memorysetup-allocator-temp-initial-block-size-main=262144"
    "memorysetup-allocator-temp-initial-block-size-worker=262144"
    "memorysetup-bucket-allocator-granularity=16"
    "memorysetup-bucket-allocator-bucket-count=8"
    "memorysetup-bucket-allocator-block-size=33554432"
    "memorysetup-bucket-allocator-block-count=8"
    "memorysetup-main-allocator-block-size=16777216"
    "memorysetup-thread-allocator-block-size=16777216"
    "memorysetup-gfx-main-allocator-block-size=16777216"
    "memorysetup-gfx-thread-allocator-block-size=16777216"
    "memorysetup-cache-allocator-block-size=4194304"
    "memorysetup-typetree-allocator-block-size=2097152"
    "memorysetup-profiler-bucket-allocator-granularity=16"
    "memorysetup-profiler-bucket-allocator-bucket-count=8"
    "memorysetup-profiler-bucket-allocator-block-size=33554432"
    "memorysetup-profiler-bucket-allocator-block-count=8"
    "memorysetup-profiler-allocator-block-size=16777216"
    "memorysetup-profiler-editor-allocator-block-size=1048576"
    "memorysetup-temp-allocator-size-main=16777216"
    "memorysetup-job-temp-allocator-block-size=2097152"
    "memorysetup-job-temp-allocator-block-size-background=1048576"
    "memorysetup-job-temp-allocator-reduction-small-platforms=262144"
    "memorysetup-temp-allocator-size-background-worker=32768"
    "memorysetup-temp-allocator-size-job-worker=262144"
    "memorysetup-temp-allocator-size-preload-manager=33554432"
    "memorysetup-temp-allocator-size-nav-mesh-worker=65536"
    "memorysetup-temp-allocator-size-audio-worker=65536"
    "memorysetup-temp-allocator-size-cloud-worker=32768"
    "memorysetup-temp-allocator-size-gi-baking-worker=262144"
    "memorysetup-temp-allocator-size-gi-baking-worker=262144"
    "memorysetup-temp-allocator-size-gi-baking-worker=262144"
    "memorysetup-temp-allocator-size-gi-baking-worker=262144"
    "memorysetup-temp-allocator-size-gi-baking-worker=262144"
    "memorysetup-temp-allocator-size-gfx=262144"
Player connection [14860]  Target information:

Player connection [14860]  * "[IP] 192.168.86.23 [Port] 0 [Flags] 2 [Guid] 3851332128 [EditorId] 3851332128 [Version] 1048832 [Id] WindowsEditor(7,AdamsPC) [Debug] 1 [PackageName] WindowsEditor [ProjectName] Editor" 

Player connection [14860] Host joined multi-casting on [225.0.0.222:54997]...
Player connection [14860] Host joined alternative multi-casting on [225.0.0.222:34997]...
JobSystem: Creating JobQueue using job-worker-count value 3
Input System module state changed to: Initialized.
[Physics::Module] Initialized fallback backend.
[Physics::Module] Id: 0xdecafbad
Library Redirect Path: Library/
[Physics::Module] Selected backend.
[Physics::Module] Name: PhysX
[Physics::Module] Id: 0xf2b8ea05
[Physics::Module] SDK Version: 4.1.2
[Physics::Module] Integration Version: 1.0.0
[Physics::Module] Threading Mode: Multi-Threaded
Refreshing native plugins compatible for Editor in 2.98 ms, found 4 plugins.
Preloading 0 native plugins for Editor in 0.00 ms.
Initialize engine version: 6000.2.15f1 (0707b6d1e918)
[Subsystems] Discovering subsystems at path C:/Program Files/Unity/Hub/Editor/6000.2.15f1/Editor/Data/Resources/UnitySubsystems
[Subsystems] Discovering subsystems at path C:/Users/ALeas/OneDrive/Documents/GitHub/Agile-Capstone/Assets
GfxDevice: creating device client; kGfxThreadingModeNonThreaded
Direct3D:
    Version:  Direct3D 11.0 [level 11.1]
    Renderer: AMD Radeon RX 6600 (ID=0x73ff)
    Vendor:   ATI
    VRAM:     8147 MB
    Driver:   32.0.21043.5001
Initialize mono
Mono path[0] = 'C:/Program Files/Unity/Hub/Editor/6000.2.15f1/Editor/Data/Managed'
Mono path[1] = 'C:/Program Files/Unity/Hub/Editor/6000.2.15f1/Editor/Data/MonoBleedingEdge/lib/mono/unityjit-win32'
Mono config path = 'C:/Program Files/Unity/Hub/Editor/6000.2.15f1/Editor/Data/MonoBleedingEdge/etc'
Using monoOptions --debugger-agent=transport=dt_socket,embedding=1,server=y,suspend=n,address=127.0.0.1:56180
Begin MonoManager ReloadAssembly
Registering precompiled unity dll's ...
Register platform support module: C:/Program Files/Unity/Hub/Editor/6000.2.15f1/Editor/Data/PlaybackEngines/WebGLSupport/UnityEditor.WebGL.Extensions.dll
Register platform support module: C:/Program Files/Unity/Hub/Editor/6000.2.15f1/Editor/Data/PlaybackEngines/WindowsStandaloneSupport/UnityEditor.WindowsStandalone.Extensions.dll
Registered in 0.003661 seconds.
- Loaded All Assemblies, in  0.530 seconds
Native extension for WindowsStandalone target not found
Native extension for WebGL target not found
Mono: successfully reloaded assembly
- Finished resetting the current domain, in  0.758 seconds
Domain Reload Profiling: 1284ms
	BeginReloadAssembly (145ms)
		ExecutionOrderSort (0ms)
		DisableScriptedObjects (0ms)
		BackupInstance (0ms)
		ReleaseScriptingObjects (0ms)
		CreateAndSetChildDomain (1ms)
	RebuildCommonClasses (43ms)
	RebuildNativeTypeToScriptingClass (18ms)
	initialDomainReloadingComplete (85ms)
	LoadAllAssembliesAndSetupDomain (235ms)
		LoadAssemblies (141ms)
		RebuildTransferFunctionScriptingTraits (0ms)
		AnalyzeDomain (232ms)
			TypeCache.Refresh (231ms)
				TypeCache.ScanAssembly (213ms)
			BuildScriptInfoCaches (0ms)
			ResolveRequiredComponents (0ms)
	FinalizeReload (758ms)
		ReleaseScriptCaches (0ms)
		RebuildScriptCaches (0ms)
		SetupLoadedEditorAssemblies (696ms)
			LogAssemblyErrors (0ms)
			InitializePlatformSupportModulesInManaged (73ms)
			SetLoadedEditorAssemblies (5ms)
			BeforeProcessingInitializeOnLoad (129ms)
			ProcessInitializeOnLoadAttributes (383ms)
			ProcessInitializeOnLoadMethodAttributes (105ms)
			AfterProcessingInitializeOnLoad (0ms)
			EditorAssembliesLoaded (0ms)
		ExecutionOrderSort2 (0ms)
		AwakeInstancesAfterBackupRestoration (0ms)
========================================================================
Worker process is ready to serve import requests
Import Worker Mode flag is 0x00
[Licensing::Client] Handshaking with LicensingClient:
  Version:                 1.17.4+4293ba1
  Session Id:              aa9c09f267c74ff08dd539f485edc578
  Correlation Id:          2cacbbc0f050cd4dd899b0036eee2489
  External correlation Id: 8330963444120193568
  Machine Id:              R/ksep36mM1Ju+mFAHs+eT74Zaw=
[Licensing::Module] Successfully connected to LicensingClient on channel: "LicenseClient-ALeas" (connect: 0.00s, validation: 0.00s, handshake: 1.99s)
[Licensing::IpcConnector] Successfully connected to: "LicenseClient-ALeas-notifications" at "2026-04-15T12:26:49.3114276Z"
[Licensing::Module] Licensing Background thread has ended after 2.00s
Begin MonoManager ReloadAssembly
[Licensing::Client] Successfully resolved entitlement details
[Licensing::Module] License group:
  Id: 20067302073197-UnityPersXXXX
  Product: Unity Personal
  Type: Assigned
  Expiration: Unlimited
- Loaded All Assemblies, in  1.012 seconds
Refreshing native plugins compatible for Editor in 1.60 ms, found 4 plugins.
Native extension for WindowsStandalone target not found
Native extension for WebGL target not found
Package Manager log level set to [2]
[Package Manager] Failed to launch server process. Reason: Unity was launched with the -noUpm command-line argument
[Package Manager] Unable to send message (not connected to server process).
[Package Manager] Cannot connect to Unity Package Manager local server
Mono: successfully reloaded assembly
- Finished resetting the current domain, in  1.090 seconds
Domain Reload Profiling: 2093ms
	BeginReloadAssembly (216ms)
		ExecutionOrderSort (0ms)
		DisableScriptedObjects (11ms)
		BackupInstance (0ms)
		ReleaseScriptingObjects (0ms)
		CreateAndSetChildDomain (35ms)
	RebuildCommonClasses (42ms)
	RebuildNativeTypeToScriptingClass (14ms)
	initialDomainReloadingComplete (47ms)
	LoadAllAssembliesAndSetupDomain (684ms)
		LoadAssemblies (493ms)
		RebuildTransferFunctionScriptingTraits (0ms)
		AnalyzeDomain (306ms)
			TypeCache.Refresh (223ms)
				TypeCache.ScanAssembly (207ms)
			BuildScriptInfoCaches (67ms)
			ResolveRequiredComponents (12ms)
	FinalizeReload (1090ms)
		ReleaseScriptCaches (0ms)
		RebuildScriptCaches (0ms)
		SetupLoadedEditorAssemblies (942ms)
			LogAssemblyErrors (0ms)
			InitializePlatformSupportModulesInManaged (2ms)
			SetLoadedEditorAssemblies (4ms)
			BeforeProcessingInitializeOnLoad (148ms)
			ProcessInitializeOnLoadAttributes (490ms)
			ProcessInitializeOnLoadMethodAttributes (291ms)
			AfterProcessingInitializeOnLoad (7ms)
			EditorAssembliesLoaded (0ms)
		ExecutionOrderSort2 (0ms)
		AwakeInstancesAfterBackupRestoration (7ms)
Launched and connected shader compiler UnityShaderCompiler.exe after 0.02 seconds
Refreshing native plugins compatible for Editor in 1.96 ms, found 4 plugins.
Preloading 0 native plugins for Editor in 0.00 ms.
Unloading 14 Unused Serialized files (Serialized files now loaded: 0)
Unloading 7588 unused Assets / (5.5 MB). Loaded Objects now: 7888.
Memory consumption went from 157.6 MB to 152.1 MB.
Total: 10.427600 ms (FindLiveObjects: 0.774500 ms CreateObjectMapping: 1.315900 ms MarkObjects: 4.810900 ms  DeleteObjects: 3.525300 ms)

========================================================================
Received Import Request.
  Time since last request: 1134.976617 seconds.
  path: Assets/ScriptableObjects/NewMapCreationSOs/TileMapPrefabs/Forest/ByteTileMap.prefab
  artifactKey: Guid(67bac8c6aea184e498c8110fff3dbd81) Importer(815301076,1909f56bfc062723c751e8b465ee728b)
Start importing Assets/ScriptableObjects/NewMapCreationSOs/TileMapPrefabs/Forest/ByteTileMap.prefab using Guid(67bac8c6aea184e498c8110fff3dbd81) Importer(815301076,1909f56bfc062723c751e8b465ee728b) (PreviewImporter) -> (artifact id: '2ce3ad5de415d27f91bf9815122f1a8a') in 0.4071695 seconds
Number of updated asset objects reloaded before import = 0Number of asset objects unloaded after import = 15

========================================================================
Received Import Request.
  Time since last request: 2.229518 seconds.
  path: Assets/ScriptableObjects/NewMapCreationSOs/TileMapPrefabs/Lake/IsoTileMap.prefab
  artifactKey: Guid(108c6c9f3b4096b40ad69632278fa84a) Importer(815301076,1909f56bfc062723c751e8b465ee728b)
Start importing Assets/ScriptableObjects/NewMapCreationSOs/TileMapPrefabs/Lake/IsoTileMap.prefab using Guid(108c6c9f3b4096b40ad69632278fa84a) Importer(815301076,1909f56bfc062723c751e8b465ee728b) (PreviewImporter) -> (artifact id: '115de1106dc4c897ae6983c0fb85b5f3') in 0.0197242 seconds
Number of updated asset objects reloaded before import = 0Number of asset objects unloaded after import = 45

========================================================================
Received Import Request.
  Time since last request: 0.275885 seconds.
  path: Assets/ScriptableObjects/NewMapCreationSOs/TileMapPrefabs/Ranged/IsoTileMap.prefab
  artifactKey: Guid(cfcf5f3b22181324ea9195badcf101aa) Importer(815301076,1909f56bfc062723c751e8b465ee728b)
Start importing Assets/ScriptableObjects/NewMapCreationSOs/TileMapPrefabs/Ranged/IsoTileMap.prefab using Guid(cfcf5f3b22181324ea9195badcf101aa) Importer(815301076,1909f56bfc062723c751e8b465ee728b) (PreviewImporter) -> (artifact id: '01231c4f92d6b3810e1608236616e595') in 0.0168463 seconds
Number of updated asset objects reloaded before import = 0Number of asset objects unloaded after import = 94

========================================================================
Received Import Request.
  Time since last request: 0.294440 seconds.
  path: Assets/ScriptableObjects/NewMapCreationSOs/TileMapPrefabs/Wasteland/IsoTileMap.prefab
  artifactKey: Guid(5fbab9cc00d28e3479f24598c4e623db) Importer(815301076,1909f56bfc062723c751e8b465ee728b)
Start importing Assets/ScriptableObjects/NewMapCreationSOs/TileMapPrefabs/Wasteland/IsoTileMap.prefab using Guid(5fbab9cc00d28e3479f24598c4e623db) Importer(815301076,1909f56bfc062723c751e8b465ee728b) (PreviewImporter) -> (artifact id: 'b3ddaa27158815e3bf2b2b6f6c1b7529') in 0.0175573 seconds
Number of updated asset objects reloaded before import = 0Number of asset objects unloaded after import = 66

========================================================================
Received Import Request.
  Time since last request: 0.321921 seconds.
  path: Assets/ScriptableObjects/NewMapCreationSOs/TileMapPrefabs/TutorialMap/IsoTileMap.prefab
  artifactKey: Guid(5138eb3ac8139a64a88b994f5278e3d7) Importer(815301076,1909f56bfc062723c751e8b465ee728b)
Start importing Assets/ScriptableObjects/NewMapCreationSOs/TileMapPrefabs/TutorialMap/IsoTileMap.prefab using Guid(5138eb3ac8139a64a88b994f5278e3d7) Importer(815301076,1909f56bfc062723c751e8b465ee728b) (PreviewImporter) -> (artifact id: '2d12a157b8739e71d1d7f265086785bc') in 0.0184963 seconds
Number of updated asset objects reloaded before import = 0Number of asset objects unloaded after import = 59

========================================================================
Received Import Request.
  Time since last request: 0.553531 seconds.
  path: Assets/ScriptableObjects/NewMapCreationSOs/TileMapPrefabs/Market/IsoTileMap.prefab
  artifactKey: Guid(a77c1023016505845ac2f78ae2e6ef84) Importer(815301076,1909f56bfc062723c751e8b465ee728b)
Start importing Assets/ScriptableObjects/NewMapCreationSOs/TileMapPrefabs/Market/IsoTileMap.prefab using Guid(a77c1023016505845ac2f78ae2e6ef84) Importer(815301076,1909f56bfc062723c751e8b465ee728b) (PreviewImporter) -> (artifact id: 'da5f80d701bc3e3353885b90b6564209') in 0.0218876 seconds
Number of updated asset objects reloaded before import = 0Number of asset objects unloaded after import = 180

========================================================================
Received Import Request.
  Time since last request: 1.143135 seconds.
  path: Assets/ScriptableObjects/NewMapCreationSOs/CustomMap2.asset
  artifactKey: Guid(00950a2d995fa654d827567bffe5904e) Importer(815301076,1909f56bfc062723c751e8b465ee728b)
Start importing Assets/ScriptableObjects/NewMapCreationSOs/CustomMap2.asset using Guid(00950a2d995fa654d827567bffe5904e) Importer(815301076,1909f56bfc062723c751e8b465ee728b) (PreviewImporter) -> (artifact id: 'f0ce9b69be6994f3dcecfa79ff145baf') in 0.0058532 seconds
Number of updated asset objects reloaded before import = 0Number of asset objects unloaded after import = 125

========================================================================
Received Import Request.
  Time since last request: 0.000025 seconds.
  path: Assets/ScriptableObjects/NewMapCreationSOs/Lake.asset
  artifactKey: Guid(9d7522961e332974093f4cc85bd028a3) Importer(815301076,1909f56bfc062723c751e8b465ee728b)
Start importing Assets/ScriptableObjects/NewMapCreationSOs/Lake.asset using Guid(9d7522961e332974093f4cc85bd028a3) Importer(815301076,1909f56bfc062723c751e8b465ee728b) (PreviewImporter) -> (artifact id: 'db09d8a22b3dcbe83d2198ac455910be') in 0.0041814 seconds
Number of updated asset objects reloaded before import = 0Number of asset objects unloaded after import = 47

========================================================================
Received Import Request.
  Time since last request: 0.000021 seconds.
  path: Assets/ScriptableObjects/NewMapCreationSOs/Ranged.asset
  artifactKey: Guid(ce57c6e3bdd245b4e9d9e44923b970f4) Importer(815301076,1909f56bfc062723c751e8b465ee728b)
Start importing Assets/ScriptableObjects/NewMapCreationSOs/Ranged.asset using Guid(ce57c6e3bdd245b4e9d9e44923b970f4) Importer(815301076,1909f56bfc062723c751e8b465ee728b) (PreviewImporter) -> (artifact id: '58b0cf1f71b74744adcf39a27a25a87b') in 0.0037236 seconds
Number of updated asset objects reloaded before import = 0Number of asset objects unloaded after import = 94

========================================================================
Received Import Request.
  Time since last request: 0.000028 seconds.
  path: Assets/ScriptableObjects/NewMapCreationSOs/TutorialMap.asset
  artifactKey: Guid(41cc6849b1667154cb6f0c14e4b0ec7b) Importer(815301076,1909f56bfc062723c751e8b465ee728b)
Start importing Assets/ScriptableObjects/NewMapCreationSOs/TutorialMap.asset using Guid(41cc6849b1667154cb6f0c14e4b0ec7b) Importer(815301076,1909f56bfc062723c751e8b465ee728b) (PreviewImporter) -> (artifact id: '82cd0d91cbd58f04c83581645875aa85') in 0.0040907 seconds
Number of updated asset objects reloaded before import = 0Number of asset objects unloaded after import = 60

========================================================================
Received Import Request.
  Time since last request: 0.000031 seconds.
  path: Assets/ScriptableObjects/NewMapCreationSOs/Inside.asset
  artifactKey: Guid(2a5432ceb5c7ea841bfb0ed2ac6e9e53) Importer(815301076,1909f56bfc062723c751e8b465ee728b)
Start importing Assets/ScriptableObjects/NewMapCreationSOs/Inside.asset using Guid(2a5432ceb5c7ea841bfb0ed2ac6e9e53) Importer(815301076,1909f56bfc062723c751e8b465ee728b) (PreviewImporter) -> (artifact id: 'cea9e90b129c47a349d6b8f12ee705bf') in 0.0036861 seconds
Number of updated asset objects reloaded before import = 0Number of asset objects unloaded after import = 66

========================================================================
Received Import Request.
  Time since last request: 1.541721 seconds.
  path: Assets/Resources/CardLibraryContent.prefab
  artifactKey: Guid(2d22544fcfbc23f4faeb53f91702cceb) Importer(815301076,1909f56bfc062723c751e8b465ee728b)
Start importing Assets/Resources/CardLibraryContent.prefab using Guid(2d22544fcfbc23f4faeb53f91702cceb) Importer(815301076,1909f56bfc062723c751e8b465ee728b) (PreviewImporter) -> (artifact id: '735c6cb585ef7956a67abdd77830f664') in 0.0370109 seconds
Number of updated asset objects reloaded before import = 0Number of asset objects unloaded after import = 64

========================================================================
Received Import Request.
  Time since last request: 0.000021 seconds.
  path: Assets/Resources/NewCardPrefab.prefab
  artifactKey: Guid(70ccb4d7cd2e76243bb63c9cfa132429) Importer(815301076,1909f56bfc062723c751e8b465ee728b)
Start importing Assets/Resources/NewCardPrefab.prefab using Guid(70ccb4d7cd2e76243bb63c9cfa132429) Importer(815301076,1909f56bfc062723c751e8b465ee728b) (PreviewImporter) -> (artifact id: '45ba929661fbcd6eef9356137cb99e53') in 0.0239613 seconds
Number of updated asset objects reloaded before import = 0Number of asset objects unloaded after import = 76

========================================================================
Received Import Request.
  Time since last request: 0.000026 seconds.
  path: Assets/Resources/CardPackContent.prefab
  artifactKey: Guid(0cf015ebbb9fcd142a39506fb5348637) Importer(815301076,1909f56bfc062723c751e8b465ee728b)
Start importing Assets/Resources/CardPackContent.prefab using Guid(0cf015ebbb9fcd142a39506fb5348637) Importer(815301076,1909f56bfc062723c751e8b465ee728b) (PreviewImporter) -> (artifact id: 'd896e3b6291571c1adf74693c4140ce8') in 0.0235061 seconds
Number of updated asset objects reloaded before import = 0Number of asset objects unloaded after import = 39

========================================================================
Received Import Request.
  Time since last request: 0.000025 seconds.
  path: Assets/Resources/TutorialDeckConfig.asset
  artifactKey: Guid(7e09320ce0e7d7142a0ad1272b140c4e) Importer(815301076,1909f56bfc062723c751e8b465ee728b)
Start importing Assets/Resources/TutorialDeckConfig.asset using Guid(7e09320ce0e7d7142a0ad1272b140c4e) Importer(815301076,1909f56bfc062723c751e8b465ee728b) (PreviewImporter) -> (artifact id: 'ac152ddc765d73db8b11f3f19ee6dd64') in 0.0056784 seconds
Number of updated asset objects reloaded before import = 0Number of asset objects unloaded after import = 48

========================================================================
Received Import Request.
  Time since last request: 0.000018 seconds.
  path: Assets/Resources/HighlightTile.prefab
  artifactKey: Guid(e35b91b514b53a641af80a383521a205) Importer(815301076,1909f56bfc062723c751e8b465ee728b)
Start importing Assets/Resources/HighlightTile.prefab using Guid(e35b91b514b53a641af80a383521a205) Importer(815301076,1909f56bfc062723c751e8b465ee728b) (PreviewImporter) -> (artifact id: '96ad0f6813b1f1c72eca817950006ef6') in 0.0114545 seconds
Number of updated asset objects reloaded before import = 0Number of asset objects unloaded after import = 9

========================================================================
Received Import Request.
  Time since last request: 2.644354 seconds.
  path: Assets/Resources/TempNodeMap/LineRenderer.prefab
  artifactKey: Guid(41fdd46e32636334380d6cc12abe03a9) Importer(815301076,1909f56bfc062723c751e8b465ee728b)
Start importing Assets/Resources/TempNodeMap/LineRenderer.prefab using Guid(41fdd46e32636334380d6cc12abe03a9) Importer(815301076,1909f56bfc062723c751e8b465ee728b) (PreviewImporter) -> (artifact id: '9cca792426f181d7b33701a9f561c9ca') in 0.0410518 seconds
Number of updated asset objects reloaded before import = 0Number of asset objects unloaded after import = 5

========================================================================
Received Import Request.
  Time since last request: 7.192021 seconds.
  path: Assets/Resources/TempAStarPathMarkers/PathP.prefab
  artifactKey: Guid(d4411d4afb64dd74684e12149002c7da) Importer(815301076,1909f56bfc062723c751e8b465ee728b)
Start importing Assets/Resources/TempAStarPathMarkers/PathP.prefab using Guid(d4411d4afb64dd74684e12149002c7da) Importer(815301076,1909f56bfc062723c751e8b465ee728b) (PreviewImporter) -> (artifact id: 'b02e9ef6f1312104cc83d8f18dcc2cc8') in 0.001661 seconds
Number of updated asset objects reloaded before import = 0Number of asset objects unloaded after import = 4

========================================================================
Received Import Request.
  Time since last request: 0.000023 seconds.
  path: Assets/Resources/TempAStarPathMarkers/Start.prefab
  artifactKey: Guid(0be24268c4e85af40aded969475d3a59) Importer(815301076,1909f56bfc062723c751e8b465ee728b)
Start importing Assets/Resources/TempAStarPathMarkers/Start.prefab using Guid(0be24268c4e85af40aded969475d3a59) Importer(815301076,1909f56bfc062723c751e8b465ee728b) (PreviewImporter) -> (artifact id: 'f7868412c8c7d18e4183184052fb8fc3') in 0.0015628 seconds
Number of updated asset objects reloaded before import = 0Number of asset objects unloaded after import = 4

========================================================================
Received Import Request.
  Time since last request: 2.113385 seconds.
  path: Assets/Prefabs/NewCustomMapCreationPrefabs/MainTileMapPrefab.prefab
  artifactKey: Guid(95ecfd7c465b8ef43af58667a3f71b94) Importer(815301076,1909f56bfc062723c751e8b465ee728b)
Start importing Assets/Prefabs/NewCustomMapCreationPrefabs/MainTileMapPrefab.prefab using Guid(95ecfd7c465b8ef43af58667a3f71b94) Importer(815301076,1909f56bfc062723c751e8b465ee728b) (PreviewImporter) -> (artifact id: 'ead36b214ac013f0f33e616bf08f622f') in 0.0140855 seconds
Number of updated asset objects reloaded before import = 0Number of asset objects unloaded after import = 15

========================================================================
Received Import Request.
  Time since last request: 0.277612 seconds.
  path: Assets/Prefabs/PlaceHolder/BaseTestEnemy.prefab
  artifactKey: Guid(5818f706d7a942648a7488476b0067ec) Importer(815301076,1909f56bfc062723c751e8b465ee728b)
Start importing Assets/Prefabs/PlaceHolder/BaseTestEnemy.prefab using Guid(5818f706d7a942648a7488476b0067ec) Importer(815301076,1909f56bfc062723c751e8b465ee728b) (PreviewImporter) -> (artifact id: '1e4950bda4f252fdb26aa93a64330c76') in 0.1124959 seconds
Number of updated asset objects reloaded before import = 0Number of asset objects unloaded after import = 189

========================================================================
Received Import Request.
  Time since last request: 0.000035 seconds.
  path: Assets/Prefabs/PlaceHolder/TestRangeEnemy.prefab
  artifactKey: Guid(5c9ba7225fc0ad54dbd2e4e46ddd52c1) Importer(815301076,1909f56bfc062723c751e8b465ee728b)
Start importing Assets/Prefabs/PlaceHolder/TestRangeEnemy.prefab using Guid(5c9ba7225fc0ad54dbd2e4e46ddd52c1) Importer(815301076,1909f56bfc062723c751e8b465ee728b) (PreviewImporter) -> (artifact id: 'fc75a8cf0ce3a9e3c0116e4440d76bb7') in 0.3294075 seconds
Number of updated asset objects reloaded before import = 0Number of asset objects unloaded after import = 653

========================================================================
Received Import Request.
  Time since last request: 0.000025 seconds.
  path: Assets/Prefabs/WFCTilePrefabMaps/3x3_ObstacleOnly_Tiles.prefab
  artifactKey: Guid(fe28248d5ff10f84f855446506ada99b) Importer(815301076,1909f56bfc062723c751e8b465ee728b)
Start importing Assets/Prefabs/WFCTilePrefabMaps/3x3_ObstacleOnly_Tiles.prefab using Guid(fe28248d5ff10f84f855446506ada99b) Importer(815301076,1909f56bfc062723c751e8b465ee728b) (PreviewImporter) -> (artifact id: 'ec5fdc1b2acfa6909ee94a6251df5137') in 0.0130738 seconds
Number of updated asset objects reloaded before import = 0Number of asset objects unloaded after import = 25

========================================================================
Received Import Request.
  Time since last request: 0.000027 seconds.
  path: Assets/Prefabs/PlaceHolder/TestPlayer.prefab
  artifactKey: Guid(e70a16e0772849541a1929058aba2280) Importer(815301076,1909f56bfc062723c751e8b465ee728b)
Start importing Assets/Prefabs/PlaceHolder/TestPlayer.prefab using Guid(e70a16e0772849541a1929058aba2280) Importer(815301076,1909f56bfc062723c751e8b465ee728b) (PreviewImporter) -> (artifact id: 'b6612d8d940d095f7a16c750002141cb') in 0.1196125 seconds
Number of updated asset objects reloaded before import = 0Number of asset objects unloaded after import = 1120

========================================================================
Received Import Request.
  Time since last request: 0.000026 seconds.
  path: Assets/Prefabs/PlaceHolder/TrapPlaceholder2.prefab
  artifactKey: Guid(cc719c8a7b685144baf2dcc0d0b58f7b) Importer(815301076,1909f56bfc062723c751e8b465ee728b)
Start importing Assets/Prefabs/PlaceHolder/TrapPlaceholder2.prefab using Guid(cc719c8a7b685144baf2dcc0d0b58f7b) Importer(815301076,1909f56bfc062723c751e8b465ee728b) (PreviewImporter) -> (artifact id: '152aac19ffd2cc0068a447a6c9c1d734') in 0.0107083 seconds
Number of updated asset objects reloaded before import = 0Number of asset objects unloaded after import = 9

========================================================================
Received Import Request.
  Time since last request: 0.000021 seconds.
  path: Assets/Prefabs/PlaceHolder/TrapPlaceholder.prefab
  artifactKey: Guid(bb85d3bdc9a11dc4f943eee17532710d) Importer(815301076,1909f56bfc062723c751e8b465ee728b)
Start importing Assets/Prefabs/PlaceHolder/TrapPlaceholder.prefab using Guid(bb85d3bdc9a11dc4f943eee17532710d) Importer(815301076,1909f56bfc062723c751e8b465ee728b) (PreviewImporter) -> (artifact id: '347509193996dae097d5e149aef80f26') in 0.0132483 seconds
Number of updated asset objects reloaded before import = 0Number of asset objects unloaded after import = 9

========================================================================
Received Import Request.
  Time since last request: 0.000029 seconds.
  path: Assets/Prefabs/PlaceHolder/TestPyroEnemy.prefab
  artifactKey: Guid(aa297b81f882ab24db816441e1105f62) Importer(815301076,1909f56bfc062723c751e8b465ee728b)
Start importing Assets/Prefabs/PlaceHolder/TestPyroEnemy.prefab using Guid(aa297b81f882ab24db816441e1105f62) Importer(815301076,1909f56bfc062723c751e8b465ee728b) (PreviewImporter) -> (artifact id: '43bac45601e56153627fa6785682ceae') in 0.0588104 seconds
Number of updated asset objects reloaded before import = 0Number of asset objects unloaded after import = 563

========================================================================
Received Import Request.
  Time since last request: 0.000030 seconds.
  path: Assets/Prefabs/PlaceHolder/PauseMenu.prefab
  artifactKey: Guid(75aee41241aee63419f633076ade0ecf) Importer(815301076,1909f56bfc062723c751e8b465ee728b)
Start importing Assets/Prefabs/PlaceHolder/PauseMenu.prefab using Guid(75aee41241aee63419f633076ade0ecf) Importer(815301076,1909f56bfc062723c751e8b465ee728b) (PreviewImporter) -> (artifact id: 'bd8167230d192eeb328a7fbbecac0957') in 0.0136868 seconds
Number of updated asset objects reloaded before import = 0Number of asset objects unloaded after import = 47

========================================================================
Received Import Request.
  Time since last request: 1.141215 seconds.
  path: Assets/Prefabs/WFCTilePrefabMaps/WFC Key Tile Palletes/FullCoverObstacle.asset
  artifactKey: Guid(7727bab759f5e2f48a11d21a08170c50) Importer(815301076,1909f56bfc062723c751e8b465ee728b)
Start importing Assets/Prefabs/WFCTilePrefabMaps/WFC Key Tile Palletes/FullCoverObstacle.asset using Guid(7727bab759f5e2f48a11d21a08170c50) Importer(815301076,1909f56bfc062723c751e8b465ee728b) (PreviewImporter) -> (artifact id: '265b338ec507c43f91c497253d73790a') in 0.0177959 seconds
Number of updated asset objects reloaded before import = 0Number of asset objects unloaded after import = 3

========================================================================
Received Import Request.
  Time since last request: 0.000023 seconds.
  path: Assets/Prefabs/WFCTilePrefabMaps/WFC Key Tile Palletes/TestSpriteSheetProcGenDC_6.asset
  artifactKey: Guid(5e6f8a97abce88848834e1b68962179b) Importer(815301076,1909f56bfc062723c751e8b465ee728b)
Start importing Assets/Prefabs/WFCTilePrefabMaps/WFC Key Tile Palletes/TestSpriteSheetProcGenDC_6.asset using Guid(5e6f8a97abce88848834e1b68962179b) Importer(815301076,1909f56bfc062723c751e8b465ee728b) (PreviewImporter) -> (artifact id: 'fcddfb50cb75d153a59ec6275589dd83') in 0.0108045 seconds
Number of updated asset objects reloaded before import = 0Number of asset objects unloaded after import = 3

========================================================================
Received Import Request.
  Time since last request: 0.000022 seconds.
  path: Assets/Prefabs/WFCTilePrefabMaps/WFC Key Tile Palletes/TestSpriteSheetProcGenDC_4.asset
  artifactKey: Guid(f50fbd27f56a18f46bb6fd88eef197c8) Importer(815301076,1909f56bfc062723c751e8b465ee728b)
Start importing Assets/Prefabs/WFCTilePrefabMaps/WFC Key Tile Palletes/TestSpriteSheetProcGenDC_4.asset using Guid(f50fbd27f56a18f46bb6fd88eef197c8) Importer(815301076,1909f56bfc062723c751e8b465ee728b) (PreviewImporter) -> (artifact id: 'e4729e7f0af22e3b407b7ef7d324954a') in 0.0098125 seconds
Number of updated asset objects reloaded before import = 0Number of asset objects unloaded after import = 3

========================================================================
Received Import Request.
  Time since last request: 0.000026 seconds.
  path: Assets/Prefabs/WFCTilePrefabMaps/WFC Key Tile Palletes/TestSpriteSheetProcGenDC_3.asset
  artifactKey: Guid(691ee71671295024580a676559d942fe) Importer(815301076,1909f56bfc062723c751e8b465ee728b)
Start importing Assets/Prefabs/WFCTilePrefabMaps/WFC Key Tile Palletes/TestSpriteSheetProcGenDC_3.asset using Guid(691ee71671295024580a676559d942fe) Importer(815301076,1909f56bfc062723c751e8b465ee728b) (PreviewImporter) -> (artifact id: 'dd366c9fb9a9afacba14b12fc1e9ae95') in 0.0098386 seconds
Number of updated asset objects reloaded before import = 0Number of asset objects unloaded after import = 3

========================================================================
Received Import Request.
  Time since last request: 0.000021 seconds.
  path: Assets/Prefabs/WFCTilePrefabMaps/WFC Key Tile Palletes/TestSpriteSheetProcGenDC_11.asset
  artifactKey: Guid(b73fe92b2d464fe418ef5997b396d686) Importer(815301076,1909f56bfc062723c751e8b465ee728b)
Start importing Assets/Prefabs/WFCTilePrefabMaps/WFC Key Tile Palletes/TestSpriteSheetProcGenDC_11.asset using Guid(b73fe92b2d464fe418ef5997b396d686) Importer(815301076,1909f56bfc062723c751e8b465ee728b) (PreviewImporter) -> (artifact id: 'a678d3d41e98a66f4a0e1f290da7a9b5') in 0.0094647 seconds
Number of updated asset objects reloaded before import = 0Number of asset objects unloaded after import = 3

========================================================================
Received Import Request.
  Time since last request: 0.000020 seconds.
  path: Assets/Prefabs/WFCTilePrefabMaps/WFC Key Tile Palletes/RangeEnemySpawnTile.asset
  artifactKey: Guid(ee5769bf3ec700341906851854d6f77e) Importer(815301076,1909f56bfc062723c751e8b465ee728b)
Start importing Assets/Prefabs/WFCTilePrefabMaps/WFC Key Tile Palletes/RangeEnemySpawnTile.asset using Guid(ee5769bf3ec700341906851854d6f77e) Importer(815301076,1909f56bfc062723c751e8b465ee728b) (PreviewImporter) -> (artifact id: '89e54fc941c8feb5bccd3807698d4579') in 0.004374 seconds
Number of updated asset objects reloaded before import = 0Number of asset objects unloaded after import = 3

========================================================================
Received Import Request.
  Time since last request: 0.000021 seconds.
  path: Assets/Prefabs/WFCTilePrefabMaps/WFC Key Tile Palletes/TestSpriteSheetProcGenDC_5.asset
  artifactKey: Guid(508d85687176b2b40a2a9aeeca2fb3af) Importer(815301076,1909f56bfc062723c751e8b465ee728b)
Start importing Assets/Prefabs/WFCTilePrefabMaps/WFC Key Tile Palletes/TestSpriteSheetProcGenDC_5.asset using Guid(508d85687176b2b40a2a9aeeca2fb3af) Importer(815301076,1909f56bfc062723c751e8b465ee728b) (PreviewImporter) -> (artifact id: '3688e04d7ece5c84bc8f0744b891db7d') in 0.0095488 seconds
Number of updated asset objects reloaded before import = 0Number of asset objects unloaded after import = 3

========================================================================
Received Import Request.
  Time since last request: 0.000024 seconds.
  path: Assets/Prefabs/WFCTilePrefabMaps/WFC Key Tile Palletes/PlayerSpawnTile.asset
  artifactKey: Guid(6b30f01ba26689e48ac761615de9d17e) Importer(815301076,1909f56bfc062723c751e8b465ee728b)
Start importing Assets/Prefabs/WFCTilePrefabMaps/WFC Key Tile Palletes/PlayerSpawnTile.asset using Guid(6b30f01ba26689e48ac761615de9d17e) Importer(815301076,1909f56bfc062723c751e8b465ee728b) (PreviewImporter) -> (artifact id: '7d5c70b14840b328af1860e1260d751b') in 0.0100869 seconds
Number of updated asset objects reloaded before import = 0Number of asset objects unloaded after import = 3

========================================================================
Received Import Request.
  Time since last request: 0.000027 seconds.
  path: Assets/Prefabs/WFCTilePrefabMaps/WFC Key Tile Palletes/HalfCoverObstacle.asset
  artifactKey: Guid(fa9c1323e0b87834e9f916fabbf6875b) Importer(815301076,1909f56bfc062723c751e8b465ee728b)
Start importing Assets/Prefabs/WFCTilePrefabMaps/WFC Key Tile Palletes/HalfCoverObstacle.asset using Guid(fa9c1323e0b87834e9f916fabbf6875b) Importer(815301076,1909f56bfc062723c751e8b465ee728b) (PreviewImporter) -> (artifact id: 'aeac3f3cae9628280b1c77106cd561f0') in 0.0099357 seconds
Number of updated asset objects reloaded before import = 0Number of asset objects unloaded after import = 3

