[Licensing::Module] Trying to connect to existing licensing client channel...
Built from '6000.2/staging' branch; Version is '6000.2.15f1 (0707b6d1e918) revision 460726'; Using compiler version '194234433'; Build Type 'Release'
OS: 'Windows 11  (10.0.26200) 64bit Professional' Language: 'en' Physical Memory: 16319 MB
[Licensing::IpcConnector] Successfully connected to: "LicenseClient-ALeas" at "2026-04-15T12:45:50.7731292Z"
BatchMode: 1, IsHumanControllingUs: 0, StartBugReporterOnCrash: 0, Is64bit: 1
Date: 2026-04-15T12:45:50Z

COMMAND LINE ARGUMENTS:
C:\Program Files\Unity\Hub\Editor\6000.2.15f1\Editor\Unity.exe
-adb2
-batchMode
-noUpm
-name
AssetImportWorker0
-projectPath
C:/Users/ALeas/OneDrive/Documents/GitHub/Agile-Capstone
-logFile
Logs/AssetImportWorker0.log
-srvPort
57641
-licensingIpc
LicenseClient-ALeas
-job-worker-count
3
-background-job-worker-count
8
-gc-helper-count
1
-name
AssetImport
Successfully changed project path to: C:/Users/ALeas/OneDrive/Documents/GitHub/Agile-Capstone
C:/Users/ALeas/OneDrive/Documents/GitHub/Agile-Capstone
[UnityMemory] Configuration Parameters - Can be set up in boot.config
    "memorysetup-allocator-temp-initial-block-size-main=262144"
    "memorysetup-allocator-temp-initial-block-size-worker=262144"
    "memorysetup-bucket-allocator-granularity=16"
    "memorysetup-bucket-allocator-bucket-count=8"
    "memorysetup-bucket-allocator-block-size=33554432"
    "memorysetup-bucket-allocator-block-count=8"
    "memorysetup-main-allocator-block-size=16777216"
    "memorysetup-thread-allocator-block-size=16777216"
    "memorysetup-gfx-main-allocator-block-size=16777216"
    "memorysetup-gfx-thread-allocator-block-size=16777216"
    "memorysetup-cache-allocator-block-size=4194304"
    "memorysetup-typetree-allocator-block-size=2097152"
    "memorysetup-profiler-bucket-allocator-granularity=16"
    "memorysetup-profiler-bucket-allocator-bucket-count=8"
    "memorysetup-profiler-bucket-allocator-block-size=33554432"
    "memorysetup-profiler-bucket-allocator-block-count=8"
    "memorysetup-profiler-allocator-block-size=16777216"
    "memorysetup-profiler-editor-allocator-block-size=1048576"
    "memorysetup-temp-allocator-size-main=16777216"
    "memorysetup-job-temp-allocator-block-size=2097152"
    "memorysetup-job-temp-allocator-block-size-background=1048576"
    "memorysetup-job-temp-allocator-reduction-small-platforms=262144"
    "memorysetup-temp-allocator-size-background-worker=32768"
    "memorysetup-temp-allocator-size-job-worker=262144"
    "memorysetup-temp-allocator-size-preload-manager=33554432"
    "memorysetup-temp-allocator-size-nav-mesh-worker=65536"
    "memorysetup-temp-allocator-size-audio-worker=65536"
    "memorysetup-temp-allocator-size-cloud-worker=32768"
    "memorysetup-temp-allocator-size-gi-baking-worker=262144"
    "memorysetup-temp-allocator-size-gi-baking-worker=262144"
    "memorysetup-temp-allocator-size-gi-baking-worker=262144"
    "memorysetup-temp-allocator-size-gi-baking-worker=262144"
    "memorysetup-temp-allocator-size-gi-baking-worker=262144"
    "memorysetup-temp-allocator-size-gfx=262144"
Player connection [1384]  Target information:

Player connection [1384]  * "[IP] 192.168.86.23 [Port] 0 [Flags] 2 [Guid] 2179344169 [EditorId] 2179344169 [Version] 1048832 [Id] WindowsEditor(7,AdamsPC) [Debug] 1 [PackageName] WindowsEditor [ProjectName] Editor" 

Player connection [1384] Host joined multi-casting on [225.0.0.222:54997]...
Player connection [1384] Host joined alternative multi-casting on [225.0.0.222:34997]...
JobSystem: Creating JobQueue using job-worker-count value 3
Input System module state changed to: Initialized.
[Physics::Module] Initialized fallback backend.
[Physics::Module] Id: 0xdecafbad
Library Redirect Path: Library/
[Physics::Module] Selected backend.
[Physics::Module] Name: PhysX
[Physics::Module] Id: 0xf2b8ea05
[Physics::Module] SDK Version: 4.1.2
[Physics::Module] Integration Version: 1.0.0
[Physics::Module] Threading Mode: Multi-Threaded
Refreshing native plugins compatible for Editor in 4.03 ms, found 4 plugins.
Preloading 0 native plugins for Editor in 0.00 ms.
Initialize engine version: 6000.2.15f1 (0707b6d1e918)
[Subsystems] Discovering subsystems at path C:/Program Files/Unity/Hub/Editor/6000.2.15f1/Editor/Data/Resources/UnitySubsystems
[Subsystems] Discovering subsystems at path C:/Users/ALeas/OneDrive/Documents/GitHub/Agile-Capstone/Assets
GfxDevice: creating device client; kGfxThreadingModeNonThreaded
Direct3D:
    Version:  Direct3D 11.0 [level 11.1]
    Renderer: AMD Radeon RX 6600 (ID=0x73ff)
    Vendor:   ATI
    VRAM:     8147 MB
    Driver:   32.0.21043.5001
Initialize mono
Mono path[0] = 'C:/Program Files/Unity/Hub/Editor/6000.2.15f1/Editor/Data/Managed'
Mono path[1] = 'C:/Program Files/Unity/Hub/Editor/6000.2.15f1/Editor/Data/MonoBleedingEdge/lib/mono/unityjit-win32'
Mono config path = 'C:/Program Files/Unity/Hub/Editor/6000.2.15f1/Editor/Data/MonoBleedingEdge/etc'
Using monoOptions --debugger-agent=transport=dt_socket,embedding=1,server=y,suspend=n,address=127.0.0.1:56956
Begin MonoManager ReloadAssembly
Registering precompiled unity dll's ...
Register platform support module: C:/Program Files/Unity/Hub/Editor/6000.2.15f1/Editor/Data/PlaybackEngines/WebGLSupport/UnityEditor.WebGL.Extensions.dll
Register platform support module: C:/Program Files/Unity/Hub/Editor/6000.2.15f1/Editor/Data/PlaybackEngines/WindowsStandaloneSupport/UnityEditor.WindowsStandalone.Extensions.dll
Registered in 0.004174 seconds.
- Loaded All Assemblies, in  0.770 seconds
Native extension for WindowsStandalone target not found
Native extension for WebGL target not found
Mono: successfully reloaded assembly
- Finished resetting the current domain, in  0.463 seconds
Domain Reload Profiling: 1229ms
	BeginReloadAssembly (198ms)
		ExecutionOrderSort (0ms)
		DisableScriptedObjects (0ms)
		BackupInstance (0ms)
		ReleaseScriptingObjects (0ms)
		CreateAndSetChildDomain (1ms)
	RebuildCommonClasses (51ms)
	RebuildNativeTypeToScriptingClass (20ms)
	initialDomainReloadingComplete (91ms)
	LoadAllAssembliesAndSetupDomain (405ms)
		LoadAssemblies (193ms)
		RebuildTransferFunctionScriptingTraits (0ms)
		AnalyzeDomain (402ms)
			TypeCache.Refresh (400ms)
				TypeCache.ScanAssembly (383ms)
			BuildScriptInfoCaches (0ms)
			ResolveRequiredComponents (0ms)
	FinalizeReload (463ms)
		ReleaseScriptCaches (0ms)
		RebuildScriptCaches (0ms)
		SetupLoadedEditorAssemblies (400ms)
			LogAssemblyErrors (0ms)
			InitializePlatformSupportModulesInManaged (67ms)
			SetLoadedEditorAssemblies (4ms)
			BeforeProcessingInitializeOnLoad (90ms)
			ProcessInitializeOnLoadAttributes (165ms)
			ProcessInitializeOnLoadMethodAttributes (73ms)
			AfterProcessingInitializeOnLoad (0ms)
			EditorAssembliesLoaded (1ms)
		ExecutionOrderSort2 (0ms)
		AwakeInstancesAfterBackupRestoration (0ms)
[Licensing::Client] Handshaking with LicensingClient:
  Version:                 1.17.4+4293ba1
  Session Id:              3f9870d160734b0eb41d4badaa613be6
  Correlation Id:          2cacbbc0f050cd4dd899b0036eee2489
  External correlation Id: 6088486671118372339
  Machine Id:              R/ksep36mM1Ju+mFAHs+eT74Zaw=
[Licensing::Module] Successfully connected to LicensingClient on channel: "LicenseClient-ALeas" (connect: 0.00s, validation: 0.00s, handshake: 1.77s)
[Licensing::IpcConnector] Successfully connected to: "LicenseClient-ALeas-notifications" at "2026-04-15T12:45:52.5421528Z"
[Licensing::Module] Licensing Background thread has ended after 1.77s
========================================================================
Worker process is ready to serve import requests
Import Worker Mode flag is 0x00
Begin MonoManager ReloadAssembly
[Licensing::Client] Successfully resolved entitlement details
[Licensing::Module] License group:
  Id: 20067302073197-UnityPersXXXX
  Product: Unity Personal
  Type: Assigned
  Expiration: Unlimited
- Loaded All Assemblies, in  1.147 seconds
Refreshing native plugins compatible for Editor in 1.57 ms, found 4 plugins.
Native extension for WindowsStandalone target not found
Native extension for WebGL target not found
Package Manager log level set to [2]
[Package Manager] Failed to launch server process. Reason: Unity was launched with the -noUpm command-line argument
[Package Manager] Unable to send message (not connected to server process).
[Package Manager] Cannot connect to Unity Package Manager local server
Mono: successfully reloaded assembly
- Finished resetting the current domain, in  1.032 seconds
Domain Reload Profiling: 2170ms
	BeginReloadAssembly (243ms)
		ExecutionOrderSort (0ms)
		DisableScriptedObjects (15ms)
		BackupInstance (0ms)
		ReleaseScriptingObjects (0ms)
		CreateAndSetChildDomain (32ms)
	RebuildCommonClasses (41ms)
	RebuildNativeTypeToScriptingClass (14ms)
	initialDomainReloadingComplete (47ms)
	LoadAllAssembliesAndSetupDomain (792ms)
		LoadAssemblies (599ms)
		RebuildTransferFunctionScriptingTraits (0ms)
		AnalyzeDomain (330ms)
			TypeCache.Refresh (240ms)
				TypeCache.ScanAssembly (222ms)
			BuildScriptInfoCaches (73ms)
			ResolveRequiredComponents (13ms)
	FinalizeReload (1033ms)
		ReleaseScriptCaches (0ms)
		RebuildScriptCaches (0ms)
		SetupLoadedEditorAssemblies (875ms)
			LogAssemblyErrors (0ms)
			InitializePlatformSupportModulesInManaged (2ms)
			SetLoadedEditorAssemblies (4ms)
			BeforeProcessingInitializeOnLoad (157ms)
			ProcessInitializeOnLoadAttributes (428ms)
			ProcessInitializeOnLoadMethodAttributes (279ms)
			AfterProcessingInitializeOnLoad (6ms)
			EditorAssembliesLoaded (0ms)
		ExecutionOrderSort2 (0ms)
		AwakeInstancesAfterBackupRestoration (6ms)
Launched and connected shader compiler UnityShaderCompiler.exe after 0.02 seconds
Refreshing native plugins compatible for Editor in 1.99 ms, found 4 plugins.
Preloading 0 native plugins for Editor in 0.00 ms.
Unloading 14 Unused Serialized files (Serialized files now loaded: 0)
Unloading 7588 unused Assets / (5.6 MB). Loaded Objects now: 7888.
Memory consumption went from 157.5 MB to 151.9 MB.
Total: 11.416000 ms (FindLiveObjects: 0.717500 ms CreateObjectMapping: 1.100400 ms MarkObjects: 5.851800 ms  DeleteObjects: 3.745400 ms)

========================================================================
Received Import Request.
  Time since last request: 2278.608602 seconds.
  path: Assets/Prefabs/WFCTilePrefabMaps/WFC Key Tile Palletes/BoundaryTile.asset
  artifactKey: Guid(3e51c10cc5331de47a34b95f2cb2ed87) Importer(815301076,1909f56bfc062723c751e8b465ee728b)
Start importing Assets/Prefabs/WFCTilePrefabMaps/WFC Key Tile Palletes/BoundaryTile.asset using Guid(3e51c10cc5331de47a34b95f2cb2ed87) Importer(815301076,1909f56bfc062723c751e8b465ee728b) (PreviewImporter) -> (artifact id: '1fec0191020a3bc8150a5796a5287ccf') in 0.1110726 seconds
Number of updated asset objects reloaded before import = 0Number of asset objects unloaded after import = 3

========================================================================
Received Import Request.
  Time since last request: 0.000019 seconds.
  path: Assets/Prefabs/WFCTilePrefabMaps/WFC Key Tile Palletes/MedicEnemySpawnTile.asset
  artifactKey: Guid(5e6f8a97abce88848834e1b68962179b) Importer(815301076,1909f56bfc062723c751e8b465ee728b)
Start importing Assets/Prefabs/WFCTilePrefabMaps/WFC Key Tile Palletes/MedicEnemySpawnTile.asset using Guid(5e6f8a97abce88848834e1b68962179b) Importer(815301076,1909f56bfc062723c751e8b465ee728b) (PreviewImporter) -> (artifact id: 'acbc0e4588d0e0e2a3dba82a8ea52378') in 0.0110136 seconds
Number of updated asset objects reloaded before import = 0Number of asset objects unloaded after import = 3

========================================================================
Received Import Request.
  Time since last request: 0.000024 seconds.
  path: Assets/Prefabs/WFCTilePrefabMaps/WFC Key Tile Palletes/TestSpriteSheetProcGenDC_4.asset
  artifactKey: Guid(f50fbd27f56a18f46bb6fd88eef197c8) Importer(815301076,1909f56bfc062723c751e8b465ee728b)
Start importing Assets/Prefabs/WFCTilePrefabMaps/WFC Key Tile Palletes/TestSpriteSheetProcGenDC_4.asset using Guid(f50fbd27f56a18f46bb6fd88eef197c8) Importer(815301076,1909f56bfc062723c751e8b465ee728b) (PreviewImporter) -> (artifact id: '3ffb08fc79340402ad47ee3526dfb8e8') in 0.0098188 seconds
Number of updated asset objects reloaded before import = 0Number of asset objects unloaded after import = 3

========================================================================
Received Import Request.
  Time since last request: 0.000013 seconds.
  path: Assets/Prefabs/WFCTilePrefabMaps/WFC Key Tile Palletes/PyroEnemySpawnTile.asset
  artifactKey: Guid(691ee71671295024580a676559d942fe) Importer(815301076,1909f56bfc062723c751e8b465ee728b)
Start importing Assets/Prefabs/WFCTilePrefabMaps/WFC Key Tile Palletes/PyroEnemySpawnTile.asset using Guid(691ee71671295024580a676559d942fe) Importer(815301076,1909f56bfc062723c751e8b465ee728b) (PreviewImporter) -> (artifact id: 'dbb99b05663c5da7b1e93cbef466ff4c') in 0.0102185 seconds
Number of updated asset objects reloaded before import = 0Number of asset objects unloaded after import = 3

========================================================================
Received Import Request.
  Time since last request: 0.000016 seconds.
  path: Assets/Prefabs/WFCTilePrefabMaps/WFC Key Tile Palletes/FullCoverObstacle.asset
  artifactKey: Guid(7727bab759f5e2f48a11d21a08170c50) Importer(815301076,1909f56bfc062723c751e8b465ee728b)
Start importing Assets/Prefabs/WFCTilePrefabMaps/WFC Key Tile Palletes/FullCoverObstacle.asset using Guid(7727bab759f5e2f48a11d21a08170c50) Importer(815301076,1909f56bfc062723c751e8b465ee728b) (PreviewImporter) -> (artifact id: '1df42da1d059cf79cff33873aa003064') in 0.0112444 seconds
Number of updated asset objects reloaded before import = 0Number of asset objects unloaded after import = 3

========================================================================
Received Import Request.
  Time since last request: 0.000013 seconds.
  path: Assets/Prefabs/WFCTilePrefabMaps/WFC Key Tile Palletes/TestSpriteSheetProcGenDC.png
  artifactKey: Guid(bbb792f2e6297f8448fb55575fb6a802) Importer(815301076,1909f56bfc062723c751e8b465ee728b)
Start importing Assets/Prefabs/WFCTilePrefabMaps/WFC Key Tile Palletes/TestSpriteSheetProcGenDC.png using Guid(bbb792f2e6297f8448fb55575fb6a802) Importer(815301076,1909f56bfc062723c751e8b465ee728b) (PreviewImporter) -> (artifact id: '9410864be5e0b667d7e231fcf1b295d1') in 0.0582025 seconds
Number of updated asset objects reloaded before import = 0Number of asset objects unloaded after import = 15

========================================================================
Received Import Request.
  Time since last request: 0.000016 seconds.
  path: Assets/TempAssets/HalfWhiteCube.png
  artifactKey: Guid(b74e36af42f49d64eb997b120195c7a3) Importer(815301076,1909f56bfc062723c751e8b465ee728b)
Start importing Assets/TempAssets/HalfWhiteCube.png using Guid(b74e36af42f49d64eb997b120195c7a3) Importer(815301076,1909f56bfc062723c751e8b465ee728b) (PreviewImporter) -> (artifact id: '5648089956a5835cf84510d36bf4980c') in 0.0131051 seconds
Number of updated asset objects reloaded before import = 0Number of asset objects unloaded after import = 3

========================================================================
Received Import Request.
  Time since last request: 0.000021 seconds.
  path: Assets/TempAssets/wood_texture_full_screen.png
  artifactKey: Guid(43f868fc347f72e409af3324c948d61d) Importer(815301076,1909f56bfc062723c751e8b465ee728b)
Start importing Assets/TempAssets/wood_texture_full_screen.png using Guid(43f868fc347f72e409af3324c948d61d) Importer(815301076,1909f56bfc062723c751e8b465ee728b) (PreviewImporter) -> (artifact id: 'c723ccafdae38b67b3393e7157f01c65') in 0.0146499 seconds
Number of updated asset objects reloaded before import = 0Number of asset objects unloaded after import = 3

========================================================================
Received Import Request.
  Time since last request: 0.000013 seconds.
  path: Assets/TempAssets/CardImageHighlight.png
  artifactKey: Guid(1a228df92091e114b9c34f6d5187c7f6) Importer(815301076,1909f56bfc062723c751e8b465ee728b)
Start importing Assets/TempAssets/CardImageHighlight.png using Guid(1a228df92091e114b9c34f6d5187c7f6) Importer(815301076,1909f56bfc062723c751e8b465ee728b) (PreviewImporter) -> (artifact id: 'fcebff2e33e89fbbe2869753b575426a') in 0.0132878 seconds
Number of updated asset objects reloaded before import = 0Number of asset objects unloaded after import = 3

========================================================================
Received Import Request.
  Time since last request: 0.000014 seconds.
  path: Assets/TempAssets/DC_ExeIcon.png
  artifactKey: Guid(918121e4b9dd890468900944af7f1750) Importer(815301076,1909f56bfc062723c751e8b465ee728b)
Start importing Assets/TempAssets/DC_ExeIcon.png using Guid(918121e4b9dd890468900944af7f1750) Importer(815301076,1909f56bfc062723c751e8b465ee728b) (PreviewImporter) -> (artifact id: 'd7978d26b2d8f1ea97f3715db4e89a0d') in 0.0179118 seconds
Number of updated asset objects reloaded before import = 0Number of asset objects unloaded after import = 3

========================================================================
Received Import Request.
  Time since last request: 0.000015 seconds.
  path: Assets/TempAssets/CardImage.png
  artifactKey: Guid(93fe459144b6eee4c9b944db6cc28ce7) Importer(815301076,1909f56bfc062723c751e8b465ee728b)
Start importing Assets/TempAssets/CardImage.png using Guid(93fe459144b6eee4c9b944db6cc28ce7) Importer(815301076,1909f56bfc062723c751e8b465ee728b) (PreviewImporter) -> (artifact id: 'e40879105b9f9185a84ba7f0b8fba882') in 0.0127256 seconds
Number of updated asset objects reloaded before import = 0Number of asset objects unloaded after import = 3

========================================================================
Received Import Request.
  Time since last request: 0.000014 seconds.
  path: Assets/Prefabs/WFCTilePrefabMaps/WFC Key Tile Palletes/TestSpriteSheetProcGenDC_1.asset
  artifactKey: Guid(d155c6d93279d4b4d836d32649f7e409) Importer(815301076,1909f56bfc062723c751e8b465ee728b)
Start importing Assets/Prefabs/WFCTilePrefabMaps/WFC Key Tile Palletes/TestSpriteSheetProcGenDC_1.asset using Guid(d155c6d93279d4b4d836d32649f7e409) Importer(815301076,1909f56bfc062723c751e8b465ee728b) (PreviewImporter) -> (artifact id: 'b5c12a0b9981607c9e459f53acfd6a6f') in 0.0096443 seconds
Number of updated asset objects reloaded before import = 0Number of asset objects unloaded after import = 3

========================================================================
Received Import Request.
  Time since last request: 0.000019 seconds.
  path: Assets/TempAssets/TinyWhiteCubeTrap.png
  artifactKey: Guid(ab453902bb37a3248aaa764e50d45122) Importer(815301076,1909f56bfc062723c751e8b465ee728b)
Start importing Assets/TempAssets/TinyWhiteCubeTrap.png using Guid(ab453902bb37a3248aaa764e50d45122) Importer(815301076,1909f56bfc062723c751e8b465ee728b) (PreviewImporter) -> (artifact id: '264a6c04979985de8be909101655607f') in 0.0125826 seconds
Number of updated asset objects reloaded before import = 0Number of asset objects unloaded after import = 3

========================================================================
Received Import Request.
  Time since last request: 0.000014 seconds.
  path: Assets/Prefabs/WFCTilePrefabMaps/WFC Key Tile Palletes/PlayerSpawnTile.asset
  artifactKey: Guid(6b30f01ba26689e48ac761615de9d17e) Importer(815301076,1909f56bfc062723c751e8b465ee728b)
Start importing Assets/Prefabs/WFCTilePrefabMaps/WFC Key Tile Palletes/PlayerSpawnTile.asset using Guid(6b30f01ba26689e48ac761615de9d17e) Importer(815301076,1909f56bfc062723c751e8b465ee728b) (PreviewImporter) -> (artifact id: 'cb02600d9a84bfe155e95f3146a89938') in 0.0101308 seconds
Number of updated asset objects reloaded before import = 0Number of asset objects unloaded after import = 3

========================================================================
Received Import Request.
  Time since last request: 0.000023 seconds.
  path: Assets/TempAssets/TinyWhiteCube.png
  artifactKey: Guid(c7f4feba2bed93943a1e4d13b63ed9c6) Importer(815301076,1909f56bfc062723c751e8b465ee728b)
Start importing Assets/TempAssets/TinyWhiteCube.png using Guid(c7f4feba2bed93943a1e4d13b63ed9c6) Importer(815301076,1909f56bfc062723c751e8b465ee728b) (PreviewImporter) -> (artifact id: '5263b15244a01cbebbce621d8eec02fb') in 0.0121092 seconds
Number of updated asset objects reloaded before import = 0Number of asset objects unloaded after import = 3

========================================================================
Received Import Request.
  Time since last request: 0.000016 seconds.
  path: Assets/Prefabs/WFCTilePrefabMaps/WFC Key Tile Palletes/HalfCoverObstacle.asset
  artifactKey: Guid(fa9c1323e0b87834e9f916fabbf6875b) Importer(815301076,1909f56bfc062723c751e8b465ee728b)
Start importing Assets/Prefabs/WFCTilePrefabMaps/WFC Key Tile Palletes/HalfCoverObstacle.asset using Guid(fa9c1323e0b87834e9f916fabbf6875b) Importer(815301076,1909f56bfc062723c751e8b465ee728b) (PreviewImporter) -> (artifact id: '54ee37670f464d1ea3041e6c5d9f1a4f') in 0.0096694 seconds
Number of updated asset objects reloaded before import = 0Number of asset objects unloaded after import = 3

========================================================================
Received Import Request.
  Time since last request: 4.869732 seconds.
  path: Assets/Resources/AudioManager.prefab
  artifactKey: Guid(6d9cf9be693b9244baac2ff96e44e7d2) Importer(815301076,1909f56bfc062723c751e8b465ee728b)
Start importing Assets/Resources/AudioManager.prefab using Guid(6d9cf9be693b9244baac2ff96e44e7d2) Importer(815301076,1909f56bfc062723c751e8b465ee728b) (PreviewImporter) -> (artifact id: '840fda68f7ddd553333277cbdde9dbc8') in 0.0085298 seconds
Number of updated asset objects reloaded before import = 0Number of asset objects unloaded after import = 7

========================================================================
Received Import Request.
  Time since last request: 0.000012 seconds.
  path: Assets/Resources/DOTweenSettings.asset
  artifactKey: Guid(b31d48d5ece78e94b8b5f4483c6cbadb) Importer(815301076,1909f56bfc062723c751e8b465ee728b)
Start importing Assets/Resources/DOTweenSettings.asset using Guid(b31d48d5ece78e94b8b5f4483c6cbadb) Importer(815301076,1909f56bfc062723c751e8b465ee728b) (PreviewImporter) -> (artifact id: '51ac4882cc7067e2d28a122a5309d596') in 0.0012562 seconds
Number of updated asset objects reloaded before import = 0Number of asset objects unloaded after import = 1

========================================================================
Received Import Request.
  Time since last request: 0.000011 seconds.
  path: Assets/Resources/FloatingTextPrefab.prefab
  artifactKey: Guid(26c19b689a0bc6a46b25ddb63ca8c7a6) Importer(815301076,1909f56bfc062723c751e8b465ee728b)
Start importing Assets/Resources/FloatingTextPrefab.prefab using Guid(26c19b689a0bc6a46b25ddb63ca8c7a6) Importer(815301076,1909f56bfc062723c751e8b465ee728b) (PreviewImporter) -> (artifact id: '058803dd972c10fd911b12b2e6d75974') in 0.0223495 seconds
Number of updated asset objects reloaded before import = 0Number of asset objects unloaded after import = 14

========================================================================
Received Import Request.
  Time since last request: 0.000013 seconds.
  path: Assets/Resources/SaveDataManager.prefab
  artifactKey: Guid(fac424a52361c1144936021bf5be4bdb) Importer(815301076,1909f56bfc062723c751e8b465ee728b)
Start importing Assets/Resources/SaveDataManager.prefab using Guid(fac424a52361c1144936021bf5be4bdb) Importer(815301076,1909f56bfc062723c751e8b465ee728b) (PreviewImporter) -> (artifact id: '7357763fd41b490de8eafd1d9bf6932b') in 0.0023874 seconds
Number of updated asset objects reloaded before import = 0Number of asset objects unloaded after import = 6

========================================================================
Received Import Request.
  Time since last request: 0.000018 seconds.
  path: Assets/Resources/CardVisualConfig.asset
  artifactKey: Guid(28987fa17229d42e095fdca14822bba1) Importer(815301076,1909f56bfc062723c751e8b465ee728b)
Start importing Assets/Resources/CardVisualConfig.asset using Guid(28987fa17229d42e095fdca14822bba1) Importer(815301076,1909f56bfc062723c751e8b465ee728b) (PreviewImporter) -> (artifact id: 'de39064011f66ed5eeadb12628e63f16') in 0.0023555 seconds
Number of updated asset objects reloaded before import = 0Number of asset objects unloaded after import = 8

========================================================================
Received Import Request.
  Time since last request: 0.000012 seconds.
  path: Assets/Resources/CardTestPrefab.prefab
  artifactKey: Guid(3ba44d6e7ac60a84bbeab7cb3a55fc51) Importer(815301076,1909f56bfc062723c751e8b465ee728b)
Start importing Assets/Resources/CardTestPrefab.prefab using Guid(3ba44d6e7ac60a84bbeab7cb3a55fc51) Importer(815301076,1909f56bfc062723c751e8b465ee728b) (PreviewImporter) -> (artifact id: '4c1b4f6fb05d9f6f344c7dd32cacc808') in 0.3457064 seconds
Number of updated asset objects reloaded before import = 0Number of asset objects unloaded after import = 57

